Γû▓ Next.js 16.2.9 (Turbopack)
- Environments: .env.local

  Creating an optimized production build ...
node.exe : (node:2088) Warning: Setting the NODE_TLS_REJECT_UNAUTHORIZED environment variable to '0' 
makes TLS connections and HTTPS requests insecure by disabling certificate verification.
At C:\Program Files\nodejs\npx.ps1:29 char:3
+   & $NODE_EXE $NPX_CLI_JS $args
+   ~~~~~~~~~~~~~~~~~~~~~~~~~~~~~
    + CategoryInfo          : NotSpecified: ((node:2088) War...e verification.:String) [], RemoteExc 
   eption
    + FullyQualifiedErrorId : NativeCommandError
 
(Use `node --trace-warnings ...` to show where the warning was created)
Γ£ô Compiled successfully in 43s
  Running TypeScript ...
  Finished TypeScript in 45s ...
  Collecting page data using 7 workers ...
  Generating static pages using 7 workers (0/19) ...
  Generating static pages using 7 workers (4/19) 
  Generating static pages using 7 workers (9/19) 
  Generating static pages using 7 workers (14/19) 
Γ£ô Generating static pages using 7 workers (19/19) in 6.6s
  Finalizing page optimization ...

Route (app)
Γöî Γùï /
Γö£ Γùï /_not-found
Γö£ ╞Æ /api/admin/seed
Γö£ Γùï /auth/signin
Γö£ Γùï /auth/signup
Γö£ Γùï /dashboard/admin
Γö£ Γùï /dashboard/admin/analytics
Γö£ Γùï /dashboard/admin/announcements
Γö£ Γùï /dashboard/admin/approvals
Γö£ Γùï /dashboard/admin/events
Γö£ Γùï /dashboard/admin/gallery
Γö£ Γùï /dashboard/admin/members
Γö£ Γùï /dashboard/member
Γö£ Γùï /dashboard/member/attendance
Γö£ Γùï /dashboard/member/events
Γö£ Γùï /dashboard/member/id
Γöö Γùï /dashboard/officer


Γùï  (Static)   prerendered as static content
╞Æ  (Dynamic)  server-rendered on demand

